[    4062ms] [ERROR] Access to XMLHttpRequest at 'https://8h5l91ut.api.sanity.io/v2021-06-07/users/me?tag=sanity.studio.users.get-current' from origin 'https://www.tarifeattar.com' has been blocked by CORS policy: No 'Access-Control-Allow-Origin' header is present on the requested resource. @ https://www.tarifeattar.com/studio:0
[    4063ms] [ERROR] Failed to load resource: net::ERR_FAILED @ https://8h5l91ut.api.sanity.io/v2021-06-07/users/me?tag=sanity.studio.users.get-current:0
[    4258ms] [ERROR] Access to XMLHttpRequest at 'https://8h5l91ut.api.sanity.io/v2021-06-07/users/me?tag=sanity.studio.users.get-current' from origin 'https://www.tarifeattar.com' has been blocked by CORS policy: No 'Access-Control-Allow-Origin' header is present on the requested resource. @ https://www.tarifeattar.com/studio:0
[    4259ms] [ERROR] Failed to load resource: net::ERR_FAILED @ https://8h5l91ut.api.sanity.io/v2021-06-07/users/me?tag=sanity.studio.users.get-current:0
[    4556ms] [ERROR] Access to XMLHttpRequest at 'https://8h5l91ut.api.sanity.io/v2021-06-07/users/me?tag=sanity.studio.users.get-current' from origin 'https://www.tarifeattar.com' has been blocked by CORS policy: No 'Access-Control-Allow-Origin' header is present on the requested resource. @ https://www.tarifeattar.com/studio:0
[    4556ms] [ERROR] Failed to load resource: net::ERR_FAILED @ https://8h5l91ut.api.sanity.io/v2021-06-07/users/me?tag=sanity.studio.users.get-current:0
[    5077ms] [ERROR] Access to XMLHttpRequest at 'https://8h5l91ut.api.sanity.io/v2021-06-07/users/me?tag=sanity.studio.users.get-current' from origin 'https://www.tarifeattar.com' has been blocked by CORS policy: No 'Access-Control-Allow-Origin' header is present on the requested resource. @ https://www.tarifeattar.com/studio:0
[    5078ms] [ERROR] Failed to load resource: net::ERR_FAILED @ https://8h5l91ut.api.sanity.io/v2021-06-07/users/me?tag=sanity.studio.users.get-current:0
[    5977ms] [ERROR] Access to XMLHttpRequest at 'https://8h5l91ut.api.sanity.io/v2021-06-07/users/me?tag=sanity.studio.users.get-current' from origin 'https://www.tarifeattar.com' has been blocked by CORS policy: No 'Access-Control-Allow-Origin' header is present on the requested resource. @ https://www.tarifeattar.com/studio:0
[    5977ms] [ERROR] Failed to load resource: net::ERR_FAILED @ https://8h5l91ut.api.sanity.io/v2021-06-07/users/me?tag=sanity.studio.users.get-current:0
[    7668ms] [ERROR] Access to XMLHttpRequest at 'https://8h5l91ut.api.sanity.io/v2021-06-07/users/me?tag=sanity.studio.users.get-current' from origin 'https://www.tarifeattar.com' has been blocked by CORS policy: No 'Access-Control-Allow-Origin' header is present on the requested resource. @ https://www.tarifeattar.com/studio:0
[    7670ms] [ERROR] Failed to load resource: net::ERR_FAILED @ https://8h5l91ut.api.sanity.io/v2021-06-07/users/me?tag=sanity.studio.users.get-current:0
[    7788ms] [ERROR] CorsOriginError: CorsOriginError
    at lT (https://www.tarifeattar.com/_next/static/chunks/d8e9270f-f44e7629d95f20f4.js?dpl=dpl_EC6Lh7uapXjhrZhkPTtkgJpeyCHg:128:4591)
    at async https://www.tarifeattar.com/_next/static/chunks/d8e9270f-f44e7629d95f20f4.js?dpl=dpl_EC6Lh7uapXjhrZhkPTtkgJpeyCHg:128:5725 @ https://www.tarifeattar.com/_next/static/chunks/2117-c09c9e068c03a619.js?dpl=dpl_EC6Lh7uapXjhrZhkPTtkgJpeyCHg:0
[   71750ms] [WARNING] Unrecognized feature: 'attribution-reporting'. @ https://www.google.com/search?q=sanity&rlz=1C5CHFA_enUS1027US1029&oq=sanity&gs_lcrp=EgZjaHJvbWUqDQgAEAAY4wIYsQMYgAQyDQgAEAAY4wIYsQMYgAQyEAgBEC4YxwEYsQMY0QMYgAQyCggCEAAYsQMYgAQyDQgDEAAYgwEYsQMYgAQyDQgEEAAYgwEYsQMYgAQyCggFEAAYsQMYgAQyBwgGEAAYgAQyBwgHEAAYgAQyDQgIEC4YrwEYxwEYgAQyBwgJEAAYgATSAQg2NDQ4ajBqNKgCALACAQ&sourceid=chrome&source=chrome.ob&ie=UTF-8&sei=u6upaoHxNIC6kPIPuoCsyQw:26
[   71751ms] [WARNING] Unrecognized feature: 'attribution-reporting'. @ https://www.google.com/search?q=sanity&rlz=1C5CHFA_enUS1027US1029&oq=sanity&gs_lcrp=EgZjaHJvbWUqDQgAEAAY4wIYsQMYgAQyDQgAEAAY4wIYsQMYgAQyEAgBEC4YxwEYsQMY0QMYgAQyCggCEAAYsQMYgAQyDQgDEAAYgwEYsQMYgAQyDQgEEAAYgwEYsQMYgAQyCggFEAAYsQMYgAQyBwgGEAAYgAQyBwgHEAAYgAQyDQgIEC4YrwEYxwEYgAQyBwgJEAAYgATSAQg2NDQ4ajBqNKgCALACAQ&sourceid=chrome&source=chrome.ob&ie=UTF-8&sei=u6upaoHxNIC6kPIPuoCsyQw:26
[   72370ms] [WARNING] The specified value "now" does not conform to the required format, "yyyy-MM-dd". @ https://www.sanity.io/?utm_source=google&utm_medium=cpc&utm_campaign=BrandSearch&utm_content=BrandSearch&utm_term=sanity&utm_id=21476911174&gad_source=1&gad_campaignid=21476911174&gbraid=0AAAAA99_fpqp9s7fWTP-hB7Hq049lm-ME&gclid=EAIaIQobChMIwp3dxbfxlgMVyidECB3cMxp2EAAYASAAEgJyKvD_BwE:114
[   79355ms] [WARNING] No token provided to getQueryClient on browser, this is unlikely to be what you want as you will not be able to make requests. @ https://www.sanity.io/dashboard/assets/sentry-C9Tofwt3.js:5
[   79694ms] [ERROR] Failed to load resource: the server responded with a status of 401 () @ https://api.sanity.io/v2025-08-19/auth/session/create?tag=sanity.dashboard:0
[   79695ms] [INFO] {err: Unauthorized - No authorization header on the request (traceId: 966a642a75bf3db737c8c5df7f092204)} Failed to create session @ https://www.sanity.io/dashboard/assets/client-BCQ7ZeZT.js:2
[   82436ms] ReferenceError: oaiq is not defined
    at <anonymous>:1:23
    at r (https://www.sanity.io/login/_next/static/chunks/main-e1929ff91ecb064b.js?dpl=dpl_H3NhfPjJcbU8q9xKPsPdQHZ6LNGH:2:4236)
[   84832ms] [VERBOSE] [DOM] Password field is not contained in a form: (More info: https://goo.gl/9p2vKq) %o @ https://accounts.google.com/v3/signin/identifier?opparams=%253F&dsh=S590095698%3A1789504458217440&client_id=893427784547-uoeqgcsnl35oi37m3atb0arudbsuh6de.apps.googleusercontent.com&o2v=2&prompt=select_account&redirect_uri=https%3A%2F%2Fapi.sanity.io%2Fv1%2Fauth%2Fcallback%2Fgoogle&response_type=code&scope=https%3A%2F%2Fwww.googleapis.com%2Fauth%2Fuserinfo.email+https%3A%2F%2Fwww.googleapis.com%2Fauth%2Fuserinfo.profile&service=lso&state=qntq8WSZwwfpkMsT9yESE37H&flowName=GeneralOAuthFlow&continue=https%3A%2F%2Faccounts.google.com%2Fsignin%2Foauth%2Fconsent%3Fauthuser%3Dunknown%26part%3DAJi8hAM-nHYCT3eJ0steUqzzS8bKSbg8xInSu_0WGDsS_pmYZsHLfnMDGdbDNd2y1Aog_jQj5msox7b10bvRqgt93tSr4GQEjs9Q6-XI-vM4JKY5dBaTf3hWHLBB7dSuXV5HAyGl4xDbzOrSx-VXqLPw4mAfUgOtX0na1xsBRqIaIORbFa0yoYcOS-LmWuFAX2SWDz6JrOoIZ3ulC-eF1Nv1m1IZMTIRyijn9tFn8juCEEKdOy9DWnNbAXC5MDk8ofBGXnmNnCfQBXJXbX1uDjDjxv67RfXUyjXsLYZz6UwnKgTZz3V96lNEjn9TF27_4iSMMaZ1RFTcTvpRIl8lsDwYqkk1_vg6MGZIdTXTimEvvRmTujXcXYGmKdVAOu_2ftpOK2zWc4gH413ME77aqqo-tZwFMVLbNdz0Uj7NG_KWdZgu4S236zLL_-5_HmCWdgYAZlZ47M3UZunjqDLihpYFs0DGtzfzpg%26flowName%3DGeneralOAuthFlow%26as%3DS590095698%253A1789504458217440%26client_id%3D893427784547-uoeqgcsnl35oi37m3atb0arudbsuh6de.apps.googleusercontent.com%26requestPath%3D%252Fsignin%252Foauth%252Fconsent%23&app_domain=https%3A%2F%2Fapi.sanity.io&rart=ANgoxcdzlRd1ldRqAKUrco0mFL__kl8TQ3X1i3WTK0kB4SwQ9Qr4b2jqJiHBXNB7EEtmqDwJ728EoNC-wl3R1wOzGjW-QwbLGjwNB9x8YMbk6nbtXuhCEUQ:0
[   84837ms] [LOG] %c%s color: red; background: yellow; font-size: 24px; WARNING! @ https://www.gstatic.com/_/mss/boq-identity/_/js/k=boq-identity.AccountsSignInUi.en_US.MC6YPKIxTbA.es5.O/am=QQQAAABw4I0EAP1vAAABBNsB39cC0AQIGQAAAAAAAAAAwAIAAFQRQA/d=1/excm=_b,_tp,identifierview/ed=1/dg=0/wt=2/ujg=1/rs=AOaEmlGtuOGL1_c-gG5loUZ0hQjRUCrnjA/dti=1/m=_b,_tp:562
[   84837ms] [LOG] %c%s font-size: 18px; Using this console may allow attackers to impersonate you and steal your information using an attack called Self-XSS.
Do not enter or paste code that you do not understand. @ https://www.gstatic.com/_/mss/boq-identity/_/js/k=boq-identity.AccountsSignInUi.en_US.MC6YPKIxTbA.es5.O/am=QQQAAABw4I0EAP1vAAABBNsB39cC0AQIGQAAAAAAAAAAwAIAAFQRQA/d=1/excm=_b,_tp,identifierview/ed=1/dg=0/wt=2/ujg=1/rs=AOaEmlGtuOGL1_c-gG5loUZ0hQjRUCrnjA/dti=1/m=_b,_tp:562
